Goal: Fix the login bug
Iteration: 0

Current unit: Write summary
Plan:
- [pending] Write summary
  must produce (exact path): out.md
  checked by: test -s out.md

Pull request summary: this work becomes a pull request. On done, start final_output with a short summary of the whole change for its description: what changed and why, a few sentences of markdown, without restating the goal. A report the goal asks for follows the summary.

